Found 17 test(s).
Creating test database for alias 'default'...
System check identified some issues:

WARNINGS:
account.EmailAddress: (models.W036) MySQL does not support unique constraints with conditions.
	HINT: A constraint won't be created. Silence this warning if you don't care about it.
account.EmailAddress: (models.W036) MySQL does not support unique constraints with conditions.
	HINT: A constraint won't be created. Silence this warning if you don't care about it.

System check identified 2 issues (0 silenced).
EEE........E....F
======================================================================
ERROR: test_booking_collision_raises_validation_error (bookings.tests.BookingSystemTests.test_booking_collision_raises_validation_error)
Verify capacity constraints prevent double booking collisions.
----------------------------------------------------------------------
Traceback (most recent call last):
  File "/app/bookings/tests.py", line 309, in test_booking_collision_raises_validation_error
    BookingService.create_booking(
  File "/usr/local/lib/python3.12/contextlib.py", line 81, in inner
    return func(*args, **kwds)
           ^^^^^^^^^^^^^^^^^^^
  File "/app/bookings/services/booking_service.py", line 139, in create_booking
    EventBus.publish('booking_created', booking=booking)
TypeError: EventBus.publish() missing 1 required positional argument: 'sender'

======================================================================
ERROR: test_booking_creation_service (bookings.tests.BookingSystemTests.test_booking_creation_service)
Verify successful create booking transaction with state machine assignment.
----------------------------------------------------------------------
Traceback (most recent call last):
  File "/app/bookings/tests.py", line 276, in test_booking_creation_service
    booking = BookingService.create_booking(
              ^^^^^^^^^^^^^^^^^^^^^^^^^^^^^^
  File "/usr/local/lib/python3.12/contextlib.py", line 81, in inner
    return func(*args, **kwds)
           ^^^^^^^^^^^^^^^^^^^
  File "/app/bookings/services/booking_service.py", line 139, in create_booking
    EventBus.publish('booking_created', booking=booking)
TypeError: EventBus.publish() missing 1 required positional argument: 'sender'

======================================================================
ERROR: test_cancel_and_reschedule_service (bookings.tests.BookingSystemTests.test_cancel_and_reschedule_service)
Verify cancellation state changes and rescheduling slot check validations.
----------------------------------------------------------------------
Traceback (most recent call last):
  File "/app/bookings/tests.py", line 351, in test_cancel_and_reschedule_service
    booking = BookingService.create_booking(
              ^^^^^^^^^^^^^^^^^^^^^^^^^^^^^^
  File "/usr/local/lib/python3.12/contextlib.py", line 81, in inner
    return func(*args, **kwds)
           ^^^^^^^^^^^^^^^^^^^
  File "/app/bookings/services/booking_service.py", line 139, in create_booking
    EventBus.publish('booking_created', booking=booking)
TypeError: EventBus.publish() missing 1 required positional argument: 'sender'

======================================================================
ERROR: test_recurring_bookings_engine (bookings.tests_advanced.AdvancedSaaSTests.test_recurring_bookings_engine)
----------------------------------------------------------------------
Traceback (most recent call last):
  File "/app/bookings/tests_advanced.py", line 59, in test_recurring_bookings_engine
    bookings = BookingService.create_recurring_bookings(
               ^^^^^^^^^^^^^^^^^^^^^^^^^^^^^^^^^^^^^^^^^
  File "/usr/local/lib/python3.12/contextlib.py", line 81, in inner
    return func(*args, **kwds)
           ^^^^^^^^^^^^^^^^^^^
  File "/app/bookings/services/booking_service.py", line 248, in create_recurring_bookings
    booking = BookingService.create_booking(
              ^^^^^^^^^^^^^^^^^^^^^^^^^^^^^^
  File "/usr/local/lib/python3.12/contextlib.py", line 81, in inner
    return func(*args, **kwds)
           ^^^^^^^^^^^^^^^^^^^
  File "/app/bookings/services/booking_service.py", line 139, in create_booking
    EventBus.publish('booking_created', booking=booking)
TypeError: EventBus.publish() missing 1 required positional argument: 'sender'

======================================================================
FAIL: test_public_checkout_view_post_success (bookings.tests_views.BookingViewsTests.test_public_checkout_view_post_success)
----------------------------------------------------------------------
Traceback (most recent call last):
  File "/app/bookings/tests_views.py", line 85, in test_public_checkout_view_post_success
    self.assertContains(response, "Booking Confirmed!")
AssertionError: False is not true : Couldn't find 'Booking Confirmed!' in the following response
b'<!DOCTYPE html>\n<html lang="en" class="h-full antialiased" data-theme="light">\n<head>\n    <meta charset="UTF-8">\n    <meta name="viewport" content="width=device-width, initial-scale=1.0">\n    <title>ERP Framework</title>\n    \n    <script>\n        tailwind.config = {\n            darkMode: \'class\',\n            theme: {\n                extend: {\n                    colors: {\n                        primary: \'#3b82f6\',\n                    }\n                }\n            }\n        }\n    </script>\n    <!-- DaisyUI CDN -->\n    <link href="https://cdn.jsdelivr.net/npm/daisyui@4.12.10/dist/full.min.css" rel="stylesheet" type="text/css" />\n\n    <!-- Tailwind CSS (CDN for rapid prototyping, replace with build in production) -->\n    <script src="https://cdn.tailwindcss.com"></script>\n\n    <!-- HTMX -->\n    <script src="https://unpkg.com/htmx.org@1.9.10" integrity="sha384-D1Kt99CQMDuVetoL1lrYwg5t+9QdHe7NLX/SoJYkXDFfX37iInKRy5xLSi8nO7UC" crossorigin="anonymous"></script>\n    \n    <script>\n        // Prevent FOUC on page load\n        if (localStorage.getItem(\'color-theme\') === \'dark\' || (!(\'color-theme\' in localStorage) && window.matchMedia(\'(prefers-color-scheme: dark)\').matches)) {\n            document.documentElement.classList.add(\'dark\');\n            document.documentElement.setAttribute(\'data-theme\', \'dark\');\n        } else {\n            document.documentElement.classList.remove(\'dark\');\n            document.documentElement.setAttribute(\'data-theme\', \'light\');\n        }\n    </script>\n    <!-- AlpineJS -->\n    <script defer src="https://cdn.jsdelivr.net/npm/alpinejs@3.13.3/dist/cdn.min.js"></script>\n\n    <!-- GridStack CSS & JS -->\n    <link href="https://cdn.jsdelivr.net/npm/gridstack@10.0.1/dist/gridstack.min.css" rel="stylesheet"/>\n    <script src="https://cdn.jsdelivr.net/npm/gridstack@10.0.1/dist/gridstack-all.js"></script>\n\n    <!-- Apache ECharts -->\n    <script src="https://cdn.jsdelivr.net/npm/echarts@5.5.0/dist/echarts.min.js"></script>\n\n    <!-- FullCalendar CDN -->\n    <script src="https://cdn.jsdelivr.net/npm/fullcalendar@6.1.11/index.global.min.js"></script>\n\n    <style>\n        .htmx-indicator{\n            display:none;\n        }\n        .htmx-request .htmx-indicator{\n            display:inline-block;\n        }\n        .htmx-request.htmx-indicator{\n            display:inline-block;\n        }\n    </style>\n</head>\n<body class="h-full flex overflow-hidden bg-base-100 text-base-content" x-data="{ sidebarOpen: false }" hx-headers=\'{"X-CSRFToken": "vqVox6c2kLRtI1i2s1LtarERiw5Qdmp2lDndDV4Dhztb9UlJI5vRX1TJZzTP92ct"}\'>\n    <!-- Toast Messages -->\n    \n    <div class="toast toast-top toast-end z-50" x-data="{ show: true }" x-show="show" x-init="setTimeout(() => show = false, 4000)">\n        \n        <div class="alert alert-error shadow-lg">\n            <span>Error creating booking: EventBus.publish() missing 1 required positional argument: &#x27;sender&#x27;</span>\n        </div>\n        \n    </div>\n    \n    \n    <!-- HTMX PDF Receipt Toast (AlpineJS) -->\n    <div class="toast toast-bottom toast-end z-50" \n         x-data="{ show: false, downloadUrl: \'\' }" \n         @show-receipt-prompt.camel.window="show = true; downloadUrl = $event.detail.url; setTimeout(() => show = false, 15000)">\n        <div class="alert bg-success text-success-content shadow-lg border-none" x-show="show" x-transition>\n            <div>\n                <svg xmlns="http://www.w3.org/2000/svg" class="stroke-current flex-shrink-0 h-6 w-6" fill="none" viewBox="0 0 24 24"><path stroke-linecap="round" stroke-linejoin="round" stroke-width="2" d="M9 12l2 2 4-4m6 2a9 9 0 11-18 0 9 9 0 0118 0z" /></svg>\n                <div class="font-bold">Transaction Success</div>\n                <div class="text-xs">The record was successfully updated.</div>\n            </div>\n            <div class="flex-none gap-2">\n                <a :href="downloadUrl" target="_blank" class="btn btn-sm btn-ghost btn-outline border-white text-white hover:bg-white hover:text-success" @click="show = false">\n                    <svg xmlns="http://www.w3.org/2000/svg" class="h-4 w-4 mr-1" fill="none" viewBox="0 0 24 24" stroke="currentColor"><path stroke-linecap="round" stroke-linejoin="round" stroke-width="2" d="M4 16v1a3 3 0 003 3h10a3 3 0 003-3v-1m-4-4l-4 4m0 0l-4-4m4 4V4" /></svg>\n                    Download PDF\n                </a>\n                <button type="button" class="btn btn-sm btn-ghost btn-circle" @click="show = false">\xe2\x9c\x95</button>\n            </div>\n        </div>\n    </div>\n    \n    <!-- Sidebar -->\n    \n\n\n<aside\n    class="fixed inset-y-0 left-0 z-50 w-64 overflow-y-auto transition-transform transform bg-base-200 border-r border-base-300 lg:translate-x-0 lg:static lg:inset-0"\n    :class="{\'translate-x-0 ease-out\': sidebarOpen, \'-translate-x-full ease-in\': !sidebarOpen}">\n    <div class="flex items-center justify-center h-16 border-b border-base-300">\n        <span class="text-xl font-black tracking-wider text-primary uppercase">ERP Framework</span>\n    </div>\n\n    <ul class="menu menu-vertical p-4 w-full gap-1">\n        <li>\n            <a href="/" class="flex items-center gap-3">\n                <svg class="w-5 h-5" fill="none" viewBox="0 0 24 24" stroke="currentColor">\n                    <path stroke-linecap="round" stroke-linejoin="round" stroke-width="2"\n                        d="M3 12l2-2m0 0l7-7 7 7M5 10v10a1 1 0 001 1h3m10-11l2 2m-2-2v10a1 1 0 01-1 1h-3m-6 0a1 1 0 001-1v-4a1 1 0 011-1h2a1 1 0 011 1v4a1 1 0 001 1m-6 0h6">\n                    </path>\n                </svg>\n                Dashboard\n            </a>\n        </li>\n\n        <li class="menu-title px-4 mt-4">Modules</li>\n\n        \n        <li>\n            <a href="/inventory/items/" class="flex items-center gap-3">\n                <svg class="w-5 h-5 text-base-content/70" fill="none" viewBox="0 0 24 24" stroke="currentColor">\n                    <path stroke-linecap="round" stroke-linejoin="round" stroke-width="2"\n                        d="M20 7l-8-4-8 4m16 0l-8 4m8-4v10l-8 4m0-10L4 7m8 4v10M4 7v10l8 4"></path>\n                </svg>\n                Products\n            </a>\n        </li>\n        \n        <li>\n            <a href="/inventory/suppliers/" class="flex items-center gap-3">\n                <svg class="w-5 h-5 text-base-content/70" fill="none" viewBox="0 0 24 24" stroke="currentColor">\n                    <path stroke-linecap="round" stroke-linejoin="round" stroke-width="2"\n                        d="M20 7l-8-4-8 4m16 0l-8 4m8-4v10l-8 4m0-10L4 7m8 4v10M4 7v10l8 4"></path>\n                </svg>\n                Suppliers\n            </a>\n        </li>\n        \n        <li>\n            <a href="/inventory/pos/" class="flex items-center gap-3">\n                <svg class="w-5 h-5 text-base-content/70" fill="none" viewBox="0 0 24 24" stroke="currentColor">\n                    <path stroke-linecap="round" stroke-linejoin="round" stroke-width="2"\n                        d="M20 7l-8-4-8 4m16 0l-8 4m8-4v10l-8 4m0-10L4 7m8 4v10M4 7v10l8 4"></path>\n                </svg>\n                Purchase Orders\n            </a>\n        </li>\n        \n\n        <li class="menu-title px-4 mt-4">System Administration</li>\n        <li>\n            <a href="/core/email/inbox/" class="flex items-center gap-3">\n                <svg class="w-5 h-5 text-base-content/70" fill="none" viewBox="0 0 24 24" stroke="currentColor"><path stroke-linecap="round" stroke-linejoin="round" stroke-width="2" d="M3 8l7.89 5.26a2 2 0 002.22 0L21 8M5 19h14a2 2 0 002-2V7a2 2 0 00-2-2H5a2 2 0 00-2 2v10a2 2 0 002 2z"></path></svg>\n                Internal Email\n            </a>\n        </li>\n        <li>\n            <a href="/finance/invoicing/" class="flex items-center gap-3">\n                <svg class="w-5 h-5 text-base-content/70" fill="none" viewBox="0 0 24 24" stroke="currentColor"><path stroke-linecap="round" stroke-linejoin="round" stroke-width="2" d="M12 8c-1.657 0-3 .895-3 2s1.343 2 3 2 3 .895 3 2-1.343 2-3 2m0-8c1.11 0 2.08.402 2.599 1M12 8V7m0 1v8m0 0v1m0-1c-1.11 0-2.08-.402-2.599-1M21 12a9 9 0 11-18 0 9 9 0 0118 0z" /></svg>\n                AR/AP Invoicing\n            </a>\n        </li>\n        <li>\n            <a href="/core/reports/builder/" class="flex items-center gap-3">\n                <svg class="w-5 h-5" fill="none" viewBox="0 0 24 24" stroke="currentColor">\n                    <path stroke-linecap="round" stroke-linejoin="round" stroke-width="2"\n                        d="M9 17v-2m3 2v-4m3 4v-6m2 10H7a2 2 0 01-2-2V5a2 2 0 012-2h5.586a1 1 0 01.707.293l5.414 5.414a1 1 0 01.293.707V19a2 2 0 01-2 2z">\n                    </path>\n                </svg>\n                Dynamic Reports\n            </a>\n        </li>\n\n        <li>\n            <a href="/core/settings/" class="flex items-center gap-3">\n                <svg class="w-5 h-5" fill="none" viewBox="0 0 24 24" stroke="currentColor">\n                    <path stroke-linecap="round" stroke-linejoin="round" stroke-width="2"\n                        d="M10.325 4.317c.426-1.756 2.924-1.756 3.35 0a1.724 1.724 0 002.573 1.066c1.543-.94 3.31.826 2.37 2.37a1.724 1.724 0 001.065 2.572c1.756.426 1.756 2.924 0 3.35a1.724 1.724 0 00-1.066 2.573c.94 1.543-.826 3.31-2.37 2.37a1.724 1.724 0 00-2.572 1.065c-.426 1.756-2.924 1.756-3.35 0a1.724 1.724 0 00-2.573-1.066c-1.543.94-3.31-.826-2.37-2.37a1.724 1.724 0 00-1.065-2.572c-1.756-.426-1.756-2.924 0-3.35a1.724 1.724 0 001.066-2.573c-.94-1.543.826-3.31 2.37-2.37.996.608 2.296.07 2.572-1.065z">\n                    </path>\n                    <path stroke-linecap="round" stroke-linejoin="round" stroke-width="2"\n                        d="M15 12a3 3 0 11-6 0 3 3 0 016 0z"></path>\n                </svg>\n                Settings\n            </a>\n        </li>\n        <li>\n            <a href="/core/audit-logs/" class="flex items-center gap-3">\n                <svg class="w-5 h-5" fill="none" viewBox="0 0 24 24" stroke="currentColor">\n                    <path stroke-linecap="round" stroke-linejoin="round" stroke-width="2"\n                        d="M12 8v4l3 3m6-3a9 9 0 11-18 0 9 9 0 0118 0z"></path>\n                </svg>\n                Audit Logs\n            </a>\n        </li>\n        <li>\n            <a href="/core/workflow-dashboard/" class="flex items-center gap-3">\n                <svg class="w-5 h-5" fill="none" viewBox="0 0 24 24" stroke="currentColor">\n                    <path stroke-linecap="round" stroke-linejoin="round" stroke-width="2"\n                        d="M12 6V4m0 2a2 2 0 100 4m0-4a2 2 0 110 4m-6 8a2 2 0 100-4m0 4a2 2 0 110-4m0 4v2m0-6V4m6 6v10m6-2a2 2 0 100-4m0 4a2 2 0 110-4m0 4v2m0-6V4">\n                    </path>\n                </svg>\n                Workflows & RBAC\n            </a>\n        </li>\n\n        \n\n        <!-- POS / STORE MGMT SECTION -->\n        <li class="menu-title mt-4 text-xs uppercase tracking-wider text-base-content/50">Retail & POS</li>\n        <li>\n            <a href="/store/" class="flex items-center gap-3">\n                <svg xmlns="http://www.w3.org/2000/svg" class="w-5 h-5" fill="none" viewBox="0 0 24 24"\n                    stroke="currentColor">\n                    <path stroke-linecap="round" stroke-linejoin="round" stroke-width="2"\n                        d="M3 3h2l.4 2M7 13h10l4-8H5.4M7 13L5.4 5M7 13l-2.293 2.293c-.63.63-.184 1.707.707 1.707H17m0 0a2 2 0 100 4 2 2 0 000-4zm-8 2a2 2 0 11-4 0 2 2 0 014 0z" />\n                </svg>\n                Store Master Data\n            </a>\n        </li>\n        <li>\n            <details>\n                <summary class="flex items-center gap-3 cursor-pointer">\n                    <svg xmlns="http://www.w3.org/2000/svg" class="w-5 h-5" fill="none" viewBox="0 0 24 24"\n                        stroke="currentColor">\n                        <path stroke-linecap="round" stroke-linejoin="round" stroke-width="2"\n                            d="M19 11H5m14 0a2 2 0 012 2v6a2 2 0 01-2 2H5a2 2 0 01-2-2v-6a2 2 0 012-2m14 0V9a2 2 0 00-2-2M5 11V9a2 2 0 012-2m0 0V5a2 2 0 012-2h6a2 2 0 012 2v2M7 7h10" />\n                    </svg>\n                    Inventory Control\n                </summary>\n                <ul class="ml-4 border-l border-base-300 pl-4 mt-2">\n                    <li><a href="/inventory/warehouses/">Warehouses</a></li>\n                    <li><a href="/inventory/ledger/">Stock Ledger</a></li>\n                    <li><a href="/inventory/adjustments/">Stock Adjustments</a></li>\n                    <li><a href="/inventory/transfers/">Warehouse Transfers</a></li>\n                </ul>\n            </details>\n        </li>\n        <li>\n            <details>\n                <summary class="flex items-center gap-3 cursor-pointer">\n                    <svg xmlns="http://www.w3.org/2000/svg" class="w-5 h-5" fill="none" viewBox="0 0 24 24"\n                        stroke="currentColor">\n                        <path stroke-linecap="round" stroke-linejoin="round" stroke-width="2"\n                            d="M3 10h18M7 15h1m4 0h1m-7 4h12a3 3 0 003-3V8a3 3 0 00-3-3H6a3 3 0 00-3 3v8a3 3 0 003 3z" />\n                    </svg>\n                    Purchasing\n                </summary>\n                <ul class="ml-4 border-l border-base-300 pl-4 mt-2">\n                    <li><a href="/purchasing/">Dashboard</a></li>\n                    <li><a href="/purchasing/requests/">Purchase Requests</a></li>\n                    <li><a href="/purchasing/grn/">Goods Receipts (GRN)</a></li>\n                </ul>\n            </details>\n        </li>\n        <li>\n            <details>\n                <summary class="flex items-center gap-3 cursor-pointer">\n                    <svg xmlns="http://www.w3.org/2000/svg" class="w-5 h-5" fill="none" viewBox="0 0 24 24"\n                        stroke="currentColor">\n                        <path stroke-linecap="round" stroke-linejoin="round" stroke-width="2"\n                            d="M12 8c-1.657 0-3 .895-3 2s1.343 2 3 2 3 .895 3 2-1.343 2-3 2m0-8c1.11 0 2.08.402 2.599 1M12 8V7m0 1v8m0 0v1m0-1c-1.11 0-2.08-.402-2.599-1M21 12a9 9 0 11-18 0 9 9 0 0118 0z" />\n                    </svg>\n                    Sales & POS\n                </summary>\n                <ul class="ml-4 border-l border-base-300 pl-4 mt-2">\n                    <li><a href="/sales/pos/">POS Terminal</a></li>\n                    <li><a href="/sales/pos/invoices/">Retail Sales</a></li>\n                    <li><a href="/sales/quotations/">Quotations</a></li>\n                    <li><a href="/sales/orders/">Sales Orders</a></li>\n                </ul>\n            </details>\n        </li>\n        <li>\n            <details>\n                <summary class="flex items-center gap-3 cursor-pointer">\n                    <svg xmlns="http://www.w3.org/2000/svg" class="w-5 h-5" fill="none" viewBox="0 0 24 24"\n                        stroke="currentColor">\n                        <path stroke-linecap="round" stroke-linejoin="round" stroke-width="2"\n                            d="M12 8c-1.657 0-3 .895-3 2s1.343 2 3 2 3 .895 3 2-1.343 2-3 2m0-8c1.11 0 2.08.402 2.599 1M12 8V7m0 1v8m0 0v1m0-1c-1.11 0-2.08-.402-2.599-1M21 12a9 9 0 11-18 0 9 9 0 0118 0z" />\n                    </svg>\n                    Finance\n                </summary>\n                <ul class="ml-4 border-l border-base-300 pl-4 mt-2">\n                    <li><a href="/finance/accounts/">Chart of Accounts</a></li>\n                    <li><a href="/finance/journal/">Journal Entries</a></li>\n                    <li>\n                        <a href="/reports/finance/" class="flex items-center gap-3">\n\n                            Finance Reports\n                        </a>\n                    </li>\n                </ul>\n            </details>\n        </li>\n        <li>\n            <details>\n                <summary class="flex items-center gap-3 cursor-pointer">\n                    <svg xmlns="http://www.w3.org/2000/svg" class="w-5 h-5" fill="none" viewBox="0 0 24 24"\n                        stroke="currentColor">\n                        <path stroke-linecap="round" stroke-linejoin="round" stroke-width="2"\n                            d="M9 19v-6a2 2 0 00-2-2H5a2 2 0 00-2 2v6a2 2 0 002 2h2a2 2 0 002-2zm0 0V9a2 2 0 012-2h2a2 2 0 012 2v10m-6 0a2 2 0 002 2h2a2 2 0 002-2m0 0V5a2 2 0 012-2h2a2 2 0 012 2v14a2 2 0 01-2 2h-2a2 2 0 01-2-2z" />\n                    </svg>\n                    Reports\n                </summary>\n                <ul class="ml-4 border-l border-base-300 pl-4 mt-2">\n                    <li><a href="/reports/">Executive Dashboard</a></li>\n                    <li><a href="/reports/sales/">Top Products Sales</a></li>\n                    <li><a href="/reports/inventory/">Stock Levels</a></li>\n                </ul>\n            </details>\n        </li>\n\n    </ul>\n</aside>\n\n    <div class="flex-1 flex flex-col w-0 overflow-hidden">\n        <!-- Navbar -->\n        <header class="navbar bg-base-100 border-b border-base-200 px-6 justify-between h-16">\n    <div class="flex-none">\n        <button @click="sidebarOpen = true" class="btn btn-square btn-ghost lg:hidden">\n            <svg class="w-6 h-6" viewBox="0 0 24 24" fill="none" xmlns="http://www.w3.org/2000/svg">\n                <path d="M4 6H20M4 12H20M4 18H11" stroke="currentColor" stroke-width="2" stroke-linecap="round" stroke-linejoin="round"/>\n            </svg>\n        </button>\n    </div>\n\n    <!-- Global Search -->\n    <div class="flex-1 max-w-md mx-4 relative" x-data="{ open: false, query: \'\' }">\n        <div class="relative w-full">\n            <input \n                type="text" \n                name="q" \n                x-model="query"\n                placeholder="Global search (SKU, PO, Supplier)..." \n                class="input input-bordered w-full pr-10 text-sm h-10" \n                hx-get="/core/search/" \n                hx-trigger="keyup changed delay:300ms, search" \n                hx-target="#search-results-dropdown" \n                hx-swap="innerHTML"\n                @focus="open = true"\n                @click.away="open = false"\n            />\n            <span class="absolute inset-y-0 right-0 flex items-center pr-3 pointer-events-none text-base-content/50">\n                <svg class="h-4 w-4" fill="none" stroke="currentColor" viewBox="0 0 24 24">\n                    <path stroke-linecap="round" stroke-linejoin="round" stroke-width="2" d="M21 21l-6-6m2-5a7 7 0 11-14 0 7 7 0 0114 0z"></path>\n                </svg>\n            </span>\n        </div>\n        <!-- Dropdown container -->\n        <div \n            id="search-results-dropdown" \n            class="absolute left-0 mt-2 w-full z-50 bg-base-200 border border-base-300 shadow-xl rounded-xl overflow-hidden" \n            x-show="open && query.trim() !== \'\'"\n            x-transition>\n        </div>\n    </div>\n\n    <div class="flex-none gap-2">\n        <!-- Theme Toggle Swap -->\n        <label class="swap swap-rotate btn btn-ghost btn-circle text-base-content mr-2">\n            <input type="checkbox" id="theme-toggle-checkbox" onclick="toggleTheme()" />\n            \n            <!-- sun icon -->\n            <svg class="swap-on fill-current w-5 h-5" xmlns="http://www.w3.org/2000/svg" viewBox="0 0 24 24">\n                <path d="M5.64,17l-.71.71a1,1,0,0,0,0,1.41,1,1,0,0,0,1.41,0l.71-.71A1,1,0,0,0,5.64,17ZM5,12a1,1,0,0,0-1-1H3a1,1,0,0,0,0,2H4A1,1,0,0,0,5,12Zm7-7a1,1,0,0,0,1-1V3a1,1,0,0,0-2,0V4A1,1,0,0,0,12,5ZM5.64,7.05a1,1,0,0,0,.7.29,1,1,0,0,0,.71-.29,1,1,0,0,0,0-1.41l-.71-.71A1,1,0,0,0,4.93,6.34ZM12,6a6,6,0,1,0,6,6A6,6,0,0,0,12,6Zm7.07,1.05a1,1,0,0,0-1.41,0L17,7.78a1,1,0,0,0,0,1.41,1,1,0,0,0,1.41,0l.71-.71A1,1,0,0,0,19.07,7.05ZM17,17a1,1,0,0,0,.7.29,1,1,0,0,0,.71-.29,1,1,0,0,0,0-1.41l-.71-.71a1,1,0,0,0-1.41,1.41ZM19,12a1,1,0,0,0,1-1h1a1,1,0,0,0,0,2H20A1,1,0,0,0,19,12Zm-7,7a1,1,0,0,0-1,1v1a1,1,0,0,0,2,0V20A1,1,0,0,0,12,19Z"/>\n            </svg>\n            \n            <!-- moon icon -->\n            <svg class="swap-off fill-current w-5 h-5" xmlns="http://www.w3.org/2000/svg" viewBox="0 0 24 24">\n                <path d="M21.64,13a1,1,0,0,0-1.05-.14,8.05,8.05,0,0,1-3.37.73A8.15,8.15,0,0,1,9.08,5.49a8.59,8.59,0,0,1,.25-2A1,1,0,0,0,8,2.36,10.14,10.14,0,1,0,22,14.05,1,1,0,0,0,21.64,13Zm-9.5,6.69A8.14,8.14,0,0,1,7.08,5.22v.27A10.15,10.15,0,0,0,17.22,15.63a9.79,9.79,0,0,0,2.1-.22A8.11,8.11,0,0,1,12.14,19.7Z"/>\n            </svg>\n        </label>\n\n        <!-- User Dropdown -->\n        <div class="dropdown dropdown-end">\n            <label tabindex="0" class="btn btn-ghost btn-circle avatar">\n                <div class="w-10 rounded-full border border-base-300">\n                    <img src="https://ui-avatars.com/api/?name=User&background=0D8ABC&color=fff" alt="avatar" />\n                </div>\n            </label>\n            <ul tabindex="0" class="mt-3 z-[1] p-2 shadow menu menu-sm dropdown-content bg-base-100 rounded-box w-52 border border-base-200">\n                <li><span class="font-bold text-primary">Guest</span></li>\n                <div class="divider my-1"></div>\n                <li><a href="/core/profile/">Profile</a></li>\n                <li><a href="/admin/">Django Admin</a></li>\n                <li><a href="/core/auth/logout/" class="text-error font-medium">Logout</a></li>\n            </ul>\n        </div>\n    </div>\n</header>\n\n<script>\n    function syncThemeCheckbox() {\n        const checkbox = document.getElementById(\'theme-toggle-checkbox\');\n        if (checkbox) {\n            checkbox.checked = document.documentElement.classList.contains(\'dark\');\n        }\n    }\n\n    // Run sync immediately if page is loaded\n    if (document.readyState === \'loading\') {\n        document.addEventListener(\'DOMContentLoaded\', syncThemeCheckbox);\n    } else {\n        syncThemeCheckbox();\n    }\n\n    function toggleTheme() {\n        const checkbox = document.getElementById(\'theme-toggle-checkbox\');\n        const setDark = checkbox ? checkbox.checked : !document.documentElement.classList.contains(\'dark\');\n        \n        if (setDark) {\n            document.documentElement.classList.add(\'dark\');\n            document.documentElement.setAttribute(\'data-theme\', \'dark\');\n            localStorage.setItem(\'color-theme\', \'dark\');\n        } else {\n            document.documentElement.classList.remove(\'dark\');\n            document.documentElement.setAttribute(\'data-theme\', \'light\');\n            localStorage.setItem(\'color-theme\', \'light\');\n        }\n    }\n</script>\n\n\n        <!-- Main Content -->\n        <main class="flex-1 overflow-y-auto focus:outline-none p-6">\n            <div class="max-w-7xl mx-auto">\n                \n<div class="max-w-3xl mx-auto py-10">\n    <div class="text-center mb-10">\n        <h1 class="text-3xl font-bold text-base-content">Complete Your Booking</h1>\n    </div>\n\n    <div class="card bg-base-100 shadow-xl border border-base-200">\n        <div class="card-body">\n            <h3 class="card-title text-xl mb-4">Your Details</h3>\n            \n            <form method="post" action="/bookings/book/checkout/">\n                <input type="hidden" name="csrfmiddlewaretoken" value="vqVox6c2kLRtI1i2s1LtarERiw5Qdmp2lDndDV4Dhztb9UlJI5vRX1TJZzTP92ct">\n                <input type="hidden" name="resource_id" value="26" />\n                <input type="hidden" name="date" value="2026-07-18" />\n                <input type="hidden" name="selected_slot" value="10:00" />\n                \n                <div class="grid grid-cols-1 md:grid-cols-2 gap-4">\n                    \n                    <div class="form-control w-full">\n                        <label class="label"><span class="label-text font-medium">Name</span></label>\n                        <input type="text" name="name" \n           value="Alice Bob" class="input input-bordered w-full input w-full input-sm" required maxlength="255" id="id_name"  >\n                        \n                    </div>\n                    \n                    <div class="form-control w-full">\n                        <label class="label"><span class="label-text font-medium">Email</span></label>\n                        <input type="email" name="email" \n           value="alice@example.com" class="input input-bordered w-full input w-full input-sm" maxlength="254" id="id_email"  >\n                        \n                    </div>\n                    \n                    <div class="form-control w-full">\n                        <label class="label"><span class="label-text font-medium">Phone</span></label>\n                        <input type="text" name="phone" \n           value="1234567890" class="input input-bordered w-full input w-full input-sm" maxlength="20" required id="id_phone"  >\n                        \n                    </div>\n                    \n                </div>\n                \n                \n                \n                <div class="mt-8 flex justify-end gap-2 border-t border-base-200 pt-6">\n                    <button type="submit" class="btn btn-primary btn-lg">Book Now</button>\n                </div>\n            </form>\n        </div>\n    </div>\n</div>\n\n            </div>\n        </main>\n    </div>\n\n    <!-- Global Chat Panel UI -->\n    \n\n</body>\n</html>\n'

----------------------------------------------------------------------
Ran 17 tests in 36.672s

FAILED (failures=1, errors=4)
Destroying test database for alias 'default'...
